// Jest Snapshot v1, https://goo.gl/fbAQLP

exports[`<Header /> should render and match the snapshot 1`] = `
<body>
  <div>
    <header
      class="MuiPaper-root MuiPaper-elevation MuiPaper-elevation4 MuiAppBar-root MuiAppBar-colorPrimary MuiAppBar-positionRelative esmlbx62 css-1ik7p52-MuiPaper-root-MuiAppBar-root"
      data-testid="header"
    >
      <picture>
        <source
          srcset="IMAGE_MOCK"
          type="image/webp"
        />
        <source
          srcset="IMAGE_MOCK"
          type="image/jpeg"
        />
        <img
          alt="logo"
          class="css-xwsgxf esmlbx61"
          height="5rem"
          src="IMAGE_MOCK"
          width="auto"
        />
      </picture>
      <p
        class="esmlbx60 css-1qz8ise egtqi0h0"
        data-testid="t"
      >
        Wednesday Solutions
      </p>
    </header>
  </div>
</body>
`;
